// Jest Snapshot v1, https://goo.gl/fbAQLP

exports[`<CardAlbum /> should render the heading 1`] = `
<div>
  <h1>
    teste
  </h1>
</div>
`
